// Jest Snapshot v1, https://goo.gl/fbAQLP

exports[`c-data-table displays hidden data on row click 1`] = `null`;
