// Jest Snapshot v1, https://goo.gl/fbAQLP

exports[`c-accordion should do SOMETHING! 1`] = `
CDPPage {
  "_e2eClose": [Function],
  "_e2eElements": Array [
    <div class="c-accordion">
  <slot></slot>
</div>,
  ],
  "_e2eEventIds": 0,
  "_e2eEvents": Map {},
  "_e2eGoto": [Function],
  "close": [Function],
  "compareScreenshot": [Function],
  "debugger": [Function],
  "emitter": Object {
    "all": Map {
      "console" => Array [
        [Function],
      ],
      "pageerror" => Array [
        [Function],
      ],
      "requestfailed" => Array [
        [Function],
      ],
      "request" => Array [
        [Function],
      ],
    },
    "emit": [Function],
    "off": [Function],
    "on": [Function],
  },
  "eventsMap": Map {
    "console" => Array [
      [Function],
    ],
    "pageerror" => Array [
      [Function],
    ],
    "requestfailed" => Array [
      [Function],
    ],
    "request" => Array [
      [Function],
    ],
  },
  "find": [Function],
  "findAll": [Function],
  "getDiagnostics": [Function],
  "goto": [Function],
  "setContent": [Function],
  "spyOnEvent": [Function],
  "waitForChanges": [Function],
  "waitForEvent": [Function],
}
`;

exports[`c-accordion should do SOMETHING!: JHORMA 1`] = `
<div class="c-accordion-item__content-wrapper">
  <div aria-labelledby="header__02729a0d-7deb-4832-8b97-7fdcb173261a" class="c-accordion-item__content" id="panel__02729a0d-7deb-4832-8b97-7fdcb173261a" role="region">
    <slot>
      ðŸ¤¡
    </slot>
  </div>
</div>
`;
